C51 COMPILER V9.54   MAIN                                                                  01/30/2018 18:09:19 PAGE 1   


C51 COMPILER V9.54, COMPILATION OF MODULE MAIN
OBJECT MODULE PLACED IN .\Output\main.obj
COMPILER INVOKED BY: D:\Keil_v5\C51\BIN\C51.EXE main.c BROWSE DEBUG OBJECTEXTEND PRINT(.\List\main.lst) TABS(2) OBJECT(.
                    -\Output\main.obj)

line level    source

   1          #include "common.h"
   2          #include  "led.h"
   3          #include"key.h"
   4          
   5          
   6          char miao=55,fen=59; 
   7          uint num=0;
   8          
   9          
  10          void init_timer0_ms1(void)
  11          {
  12   1        TMOD=0x01;//定时器0工作模式1
  13   1        TH0=(65536-10000)/256;//赋初值
  14   1        TL0=(65536-10000)%256;//赋初值
  15   1        ET0=1;//定时器0中断允许位
  16   1        EA=1;//总中断允许位
  17   1        TR0=1;//启动定时器0开始计数 
  18   1      }
  19          
  20          
  21          void init_timer0_ms2(void)
  22          {
  23   1        TMOD=0x02;//定时器0工作模式2
  24   1        TH0=(256-200);//赋初值
  25   1        TL0=(256-200);//赋初值
  26   1        ET0=1;//定时器0中断允许位
  27   1        EA=1;//总中断允许位
  28   1        TR0=1;//启动定时器0开始计数 
  29   1      }
  30          
  31          void main(void)
  32          {
  33   1      //  init_timer0_ms1();
  34   1        init_timer0_ms2();
  35   1        while(1)
  36   1        {
  37   2          key();
  38   2          miaobiao(fen,miao);
  39   2        }
  40   1      }
  41          
  42          
  43          //void timer0(void) interrupt 1
  44          //{
  45          //  TH0=(65536-10000)/256;//赋初值
  46          //  TL0=(65536-10000)%256;//赋初值
  47          //  num++;
  48          //  if(num>50)
  49          //  {
  50          //    num=0;    
  51          //    led=!led;
  52          //  }
  53          //}
  54          
C51 COMPILER V9.54   MAIN                                                                  01/30/2018 18:09:19 PAGE 2   

  55          
  56          
  57          
  58          void timer0(void) interrupt 1
  59          {
  60   1        num++;
  61   1        if(num>=5000)
  62   1        {
  63   2          num=0;    
  64   2          miao++;
  65   2          if(miao>=60)
  66   2          {       
  67   3            miao=0;
  68   3            fen++;
  69   3            if(fen>=60)
  70   3            {    
  71   4              fen=0;
  72   4            }
  73   3          }
  74   2        }
  75   1      }


MODULE INFORMATION:   STATIC OVERLAYABLE
   CODE SIZE        =    105    ----
   CONSTANT SIZE    =   ----    ----
   XDATA SIZE       =   ----    ----
   PDATA SIZE       =   ----    ----
   DATA SIZE        =      4    ----
   IDATA SIZE       =   ----    ----
   BIT SIZE         =   ----    ----
END OF MODULE INFORMATION.


C51 COMPILATION COMPLETE.  0 WARNING(S),  0 ERROR(S)
