C51 COMPILER V9.00   IIC                                                                   10/28/2015 21:46:21 PAGE 1   


C51 COMPILER V9.00, COMPILATION OF MODULE IIC
OBJECT MODULE PLACED IN .\output\IIC.obj
COMPILER INVOKED BY: D:\Keil\C51\BIN\C51.EXE IIC.c BROWSE DEBUG OBJECTEXTEND PRINT(.\list\IIC.lst) OBJECT(.\output\IIC.o
                    -bj)

line level    source

   1          #include "IIC.h"
   2          #include "delay.h"
   3          
   4          
   5          //I2C起始信号
   6          void IIC_Start(void)
   7          {
   8   1          SDA = 1;                    //拉高数据线
   9   1          SCL = 1;                    //拉高时钟线
  10   1          delay5us();                 //延时
  11   1          SDA = 0;                    //产生下降沿
  12   1          delay5us();                 //延时
  13   1          SCL = 0;                    //拉低时钟线
  14   1      }
  15          
  16          
  17          
  18          //I2C停止信号
  19          void IIC_Stop(void)
  20          {
  21   1          SDA = 0;                    //拉低数据线
  22   1          SCL = 1;                    //拉高时钟线
  23   1          delay5us();                 //延时
  24   1          SDA = 1;                    //产生上升沿
  25   1          delay5us();                 //延时
  26   1      }
  27          
  28          
  29          
  30          //I2C发送应答信号
  31          //入口参数:ack (0:ACK 1:NAK)
  32          void IIC_SendACK(bit ack)
  33          {
  34   1          SDA = ack;                  //写应答信号
  35   1          SCL = 1;                    //拉高时钟线
  36   1          delay5us();                 //延时
  37   1          SCL = 0;                    //拉低时钟线
  38   1          delay5us();                 //延时
  39   1      }
  40          
  41          
  42          
  43          //I2C接收应答信号
  44          bit IIC_RecvACK(void)
  45          {
  46   1          SCL = 1;                    //拉高时钟线
  47   1          delay5us();                 //延时
  48   1          CY = SDA;                   //读应答信号
  49   1          SCL = 0;                    //拉低时钟线
  50   1          delay5us();                 //延时
  51   1          return CY;
  52   1      }
  53          
  54          
C51 COMPILER V9.00   IIC                                                                   10/28/2015 21:46:21 PAGE 2   

  55          
  56          //向I2C总线发送一个字节数据
  57          void IIC_SendByte(uchar dat)
  58          {
  59   1          uchar i;
  60   1          for (i=0; i<8; i++)         //8位计数器
  61   1          {
  62   2              dat <<= 1;              //移出数据的最高位
  63   2              SDA = CY;               //送数据口
  64   2              SCL = 1;                //拉高时钟线
  65   2              delay5us();             //延时
  66   2              SCL = 0;                //拉低时钟线
  67   2              delay5us();             //延时
  68   2          }
  69   1          IIC_RecvACK();
  70   1      }
  71          
  72          
  73          
  74          
  75          
  76          
  77          //从I2C总线接收一个字节数据
  78          uchar IIC_RecvByte(void)
  79          {
  80   1          uchar i;
  81   1          uchar dat = 0;
  82   1          SDA = 1;                    //使能内部上拉,准备读取数据,
  83   1          for (i=0; i<8; i++)         //8位计数器
  84   1          {
  85   2              dat <<= 1;
  86   2              SCL = 1;                //拉高时钟线
  87   2              delay5us();             //延时
  88   2              dat |= SDA;             //读数据               
  89   2              SCL = 0;                //拉低时钟线
  90   2              delay5us();             //延时
  91   2          }
  92   1          return dat;
  93   1      }
  94          
  95          
  96          
  97          
  98          //向I2C设备写入一个字节数据
  99          void Single_WriteIIC(uchar address,uchar dat)
 100          {
 101   1          IIC_Start();                  //启动
 102   1          IIC_SendByte(SlaveAddress);   //控制字写（发送设备地址+写信号）
 103   1          IIC_SendByte(address);    //发送设备存储单元(寄存器)地址
 104   1          IIC_SendByte(dat);       //写入设备存储单元(寄存器)数据
 105   1          IIC_Stop();                   //停止信号
 106   1      }
 107          
 108          
 109          
 110          
 111          //从I2C设备读取一个字节数据
 112          uchar Single_ReadIIC(uchar address)
 113          {
 114   1              uchar dat;
 115   1              IIC_Start();                   //启动
 116   1              IIC_SendByte(SlaveAddress);    //控制字写（发送设备地址+写信号）
C51 COMPILER V9.00   IIC                                                                   10/28/2015 21:46:21 PAGE 3   

 117   1              IIC_SendByte(address);     //发送设备存储单元(寄存器)地址       
 118   1              IIC_Start();                   //启动
 119   1              IIC_SendByte(SlaveAddress+1);  //控制字读（发送设备地址+读信号）
 120   1              dat=IIC_RecvByte();       //读出设备存储单元(寄存器)数据
 121   1              IIC_SendACK(1);                //非应答
 122   1              IIC_Stop();                    //停止信号
 123   1              return dat;
 124   1      }


MODULE INFORMATION:   STATIC OVERLAYABLE
   CODE SIZE        =    194    ----
   CONSTANT SIZE    =   ----    ----
   XDATA SIZE       =   ----    ----
   PDATA SIZE       =   ----    ----
   DATA SIZE        =   ----       8
   IDATA SIZE       =   ----    ----
   BIT SIZE         =   ----       1
END OF MODULE INFORMATION.


C51 COMPILATION COMPLETE.  0 WARNING(S),  0 ERROR(S)
