C51 COMPILER V9.00   MAIN                                                                  10/28/2015 21:46:21 PAGE 1   


C51 COMPILER V9.00, COMPILATION OF MODULE MAIN
OBJECT MODULE PLACED IN .\output\main.obj
COMPILER INVOKED BY: D:\Keil\C51\BIN\C51.EXE main.c BROWSE DEBUG OBJECTEXTEND PRINT(.\list\main.lst) OBJECT(.\output\mai
                    -n.obj)

line level    source

   1          #include "common.h"
   2          #include "IIC.h"
   3          #include "change.h"
   4          #include "sds.h"
   5          
   6          uchar x;
   7          uchar  aa[20];
   8          
   9          void init_MPU6050()
  10          {
  11   1              Single_WriteIIC(PWR_MGMT_1,0x00);
  12   1              Single_WriteIIC(SMPLRT_DIV,0x07);
  13   1              Single_WriteIIC(CONFIG,0x06);
  14   1              Single_WriteIIC(GYRO_CONFIG,0x18);
  15   1              Single_WriteIIC(ACCEL_CONFIG,0x01);
  16   1      }
  17          
  18          
  19          
  20          void init_com(void)
  21          {
  22   1              SCON = 0x50 ;  //SCON: serail mode 1, 8-bit UART, enable ucvr
  23   1          //UART为模式1，8位数据，允许接收
  24   1          TMOD |= 0x20 ; //TMOD: timer 1, mode 2, 8-bit reload
  25   1          //定时器1为模式2,8位自动重装
  26   1          PCON |= 0x80 ; //SMOD=1;
  27   1          TH1 = 0xFA ;   //Baud:9600 fosc="11".0592MHz
  28   1          TL1=0xFA;
  29   1          IE |= 0x90 ;     //Enable Serial Interrupt
  30   1          TR1 = 1 ;       // timer 1 run
  31   1          TI=1;
  32   1          ES=1;       
  33   1      }
  34          
  35          
  36          void main(void)
  37          {
  38   1              init_com();//初始化串口
  39   1              init_MPU6050();
  40   1              while(1)
  41   1              {          
  42   2                      OutData[0]=hecheng_data(ACCEL_XOUT_H);
  43   2                      OutData[1]=hecheng_data(ACCEL_YOUT_H);
  44   2                      OutData[2]=hecheng_data(ACCEL_ZOUT_H);
  45   2                      OutData[3]=hecheng_data(GYRO_XOUT_H);
  46   2                      OutPut_Data();
  47   2              }
  48   1      }
  49          
  50          
  51          void ser(void) interrupt 4
  52          {
  53   1          if(RI==1)
  54   1          {  
C51 COMPILER V9.00   MAIN                                                                  10/28/2015 21:46:21 PAGE 2   

  55   2                      aa[x]=SBUF;//命令存到命令数组
  56   2              RI=0; //软件清除接收中断
  57   2              x++;
  58   2          }
  59   1      }
  60          


MODULE INFORMATION:   STATIC OVERLAYABLE
   CODE SIZE        =    185    ----
   CONSTANT SIZE    =   ----    ----
   XDATA SIZE       =   ----    ----
   PDATA SIZE       =   ----    ----
   DATA SIZE        =     21    ----
   IDATA SIZE       =   ----    ----
   BIT SIZE         =   ----    ----
END OF MODULE INFORMATION.


C51 COMPILATION COMPLETE.  0 WARNING(S),  0 ERROR(S)
